******************************************************************************
        TMS320C2000 COFF Linker PC v4.1.0                      
******************************************************************************
>> Linked Fri Jun 08 17:32:58 2007

OUTPUT FILE NAME:   <./SVPMSM.out>
ENTRY POINT SYMBOL: "_c_int00"  address: 003f8cb7


MEMORY CONFIGURATION

                  name            origin    length      used    attr    fill
         ----------------------  --------  ---------  --------  ----  --------
PAGE  0: RAMM0                   00000000   00000400  00000000  RWIX
         BEGIN                   003f8000   00000002  00000000  RWIX
         PRAMH0                  003f8002   000011fe  000011ea  RWIX
         BOOTROM                 003ff000   00000fc0  00000b50  RWIX
         RESET                   003fffc0   00000002  00000000  RWIX

PAGE  1: RAMM1                   00000400   00000400  00000050  RWIX
         DEV_EMU                 00000880   00000180  000000d2  RWIX
         FLASH_REGS              00000a80   00000060  00000008  RWIX
         CSM                     00000ae0   00000010  00000010  RWIX
         XINTF                   00000b20   00000020  00000020  RWIX
         CPU_TIMER0              00000c00   00000008  00000008  RWIX
         PIE_CTRL                00000ce0   00000020  0000001a  RWIX
         PIE_VECT                00000d00   00000100  00000100  RWIX
         ECANA                   00006000   00000040  00000034  RWIX
         ECANA_LAM               00006040   00000040  00000040  RWIX
         ECANA_MOTS              00006080   00000040  00000040  RWIX
         ECANA_MOTO              000060c0   00000040  00000040  RWIX
         ECANA_MBOX              00006100   00000100  00000100  RWIX
         SYSTEM                  00007010   00000020  00000020  RWIX
         SPIA                    00007040   00000010  00000010  RWIX
         SCIA                    00007050   00000010  00000010  RWIX
         XINTRUPT                00007070   00000010  00000010  RWIX
         GPIOMUX                 000070c0   00000020  00000020  RWIX
         GPIODAT                 000070e0   00000020  00000020  RWIX
         ADC                     00007100   00000020  0000001a  RWIX
         EVA                     00007400   00000040  00000032  RWIX
         EVB                     00007500   00000040  00000032  RWIX
         SCIB                    00007750   00000010  00000010  RWIX
         MCBSPA                  00007800   00000040  00000025  RWIX
         L0L1RAM                 00008000   00002000  00001000  RWIX
         CSM_PWL                 003f7ff8   00000008  00000008  RWIX
         DRAMH0                  003f9200   00000e00  0000034c  RWIX


SECTION ALLOCATION MAP

 output                                  attributes/
section   page    origin      length       input sections
--------  ----  ----------  ----------   ----------------
.switch    0    00000000    00000000     UNINITIALIZED

codestart 
*          0    003f8000    00000000     UNINITIALIZED

.pinit     0    003f8002    00000000     UNINITIALIZED

.text      0    003f8002    00000fcf     
                  003f8002    0000001e     clarke.obj (.text)
                  003f8020    0000004b     DLOG4CHC.obj (.text)
                  003f806b    0000014f     DSP281x_DefaultIsr.obj (.text)
                  003f81ba    00000028     DSP281x_PieCtrl.obj (.text)
                  003f81e2    00000020     DSP281x_PieVect.obj (.text)
                  003f8202    00000051     DSP281x_SysCtrl.obj (.text)
                  003f8253    00000097     f281xileg_vdc.obj (.text)
                  003f82ea    00000054     f281xpwm.obj (.text)
                  003f833e    00000049     f281xpwmdac.obj (.text)
                  003f8387    00000059     f281xqep.obj (.text)
                  003f83e0    00000037     ipark.obj (.text)
                  003f8417    00000562     main.obj (.text)
                  003f8979    00000037     park.obj (.text)
                  003f89b0    0000007f     pid_reg3.obj (.text)
                  003f8a2f    0000004b     rampgen.obj (.text)
                  003f8a7a    00000050     rmp_cntl.obj (.text)
                  003f8aca    0000006b     speed_fr.obj (.text)
                  003f8b35    00000182     svgen_dq.obj (.text)
                  003f8cb7    00000044     rts2800_ml.lib : boot.obj (.text)
                  003f8cfb    0000004a                    : exit.obj (.text)
                  003f8d45    00000083                    : fd_mpy.obj (.text)
                  003f8dc8    0000001f                    : fd_tol.obj (.text)
                  003f8de7    0000001b                    : fd_toul.obj (.text)
                  003f8e02    00000078                    : fs_add.obj (.text)
                  003f8e7a    00000017                    : fs_cmp.obj (.text)
                  003f8e91    00000083                    : fs_div.obj (.text)
                  003f8f14    0000005a                    : fs_mpy.obj (.text)
                  003f8f6e    0000001c                    : fs_tofd.obj (.text)
                  003f8f8a    0000001d                    : fs_tou.obj (.text)
                  003f8fa7    00000010                    : u_tofs.obj (.text)
                  003f8fb7    00000009                    : _lock.obj (.text)
                  003f8fc0    00000011                    : args_main.obj (.text)

.cinit     0    003f8fd1    000001b0     
                  003f8fd1    00000197     main.obj (.cinit)
                  003f9168    0000000e     rts2800_ml.lib : exit.obj (.cinit)
                  003f9176    0000000a                    : _lock.obj (.cinit)
                  003f9180    00000001     --HOLE-- [fill = 0]

IQmath     0    003f9181    00000050     
                  003f9181    00000027     IQmath.lib : IQ24cosPU.obj (IQmath)
                  003f91a8    00000029                : IQ24sinPU.obj (IQmath)

ramfuncs   0    003f91d1    0000001b     
                  003f91d1    00000017     DSP281x_SysCtrl.obj (ramfuncs)
                  003f91e8    00000004     DSP281x_usDelay.obj (ramfuncs)

IQmathTables 
*          0    003ff000    00000b50     NOLOAD SECTION
                  003ff000    00000b50     IQmath.lib : IQmathTables.ob (IQmathTables)

.reset     0    003fffc0    00000002     DSECT
                  003fffc0    00000002     rts2800_ml.lib : boot.obj (.reset)

.data      1    00000000    00000000     UNINITIALIZED

.bss       1    00000000    00000000     UNINITIALIZED

.stack     1    00000400    00000050     UNINITIALIZED

DevEmuRegsFile 
*          1    00000880    000000d2     UNINITIALIZED
                  00000880    000000d2     DSP281x_GlobalVariableDefs.obj (DevEmuRegsFile)

FlashRegsFile 
*          1    00000a80    00000008     UNINITIALIZED
                  00000a80    00000008     DSP281x_GlobalVariableDefs.obj (FlashRegsFile)

CsmRegsFile 
*          1    00000ae0    00000010     UNINITIALIZED
                  00000ae0    00000010     DSP281x_GlobalVariableDefs.obj (CsmRegsFile)

XintfRegsFile 
*          1    00000b20    00000020     UNINITIALIZED
                  00000b20    00000020     DSP281x_GlobalVariableDefs.obj (XintfRegsFile)

CpuTimer0RegsFile 
*          1    00000c00    00000008     UNINITIALIZED
                  00000c00    00000008     DSP281x_GlobalVariableDefs.obj (CpuTimer0RegsFile)

PieCtrlRegsFile 
*          1    00000ce0    0000001a     UNINITIALIZED
                  00000ce0    0000001a     DSP281x_GlobalVariableDefs.obj (PieCtrlRegsFile)

PieVectTableFile 
*          1    00000d00    00000100     UNINITIALIZED
                  00000d00    00000100     DSP281x_GlobalVariableDefs.obj (PieVectTableFile)

ECanaRegsFile 
*          1    00006000    00000034     UNINITIALIZED
                  00006000    00000034     DSP281x_GlobalVariableDefs.obj (ECanaRegsFile)

ECanaLAMRegsFile 
*          1    00006040    00000040     UNINITIALIZED
                  00006040    00000040     DSP281x_GlobalVariableDefs.obj (ECanaLAMRegsFile)

ECanaMOTSRegsFile 
*          1    00006080    00000040     UNINITIALIZED
                  00006080    00000040     DSP281x_GlobalVariableDefs.obj (ECanaMOTSRegsFile)

ECanaMOTORegsFile 
*          1    000060c0    00000040     UNINITIALIZED
                  000060c0    00000040     DSP281x_GlobalVariableDefs.obj (ECanaMOTORegsFile)

ECanaMboxesFile 
*          1    00006100    00000100     UNINITIALIZED
                  00006100    00000100     DSP281x_GlobalVariableDefs.obj (ECanaMboxesFile)

SysCtrlRegsFile 
*          1    00007010    00000020     UNINITIALIZED
                  00007010    00000020     DSP281x_GlobalVariableDefs.obj (SysCtrlRegsFile)

SpiaRegsFile 
*          1    00007040    00000010     UNINITIALIZED
                  00007040    00000010     DSP281x_GlobalVariableDefs.obj (SpiaRegsFile)

SciaRegsFile 
*          1    00007050    00000010     UNINITIALIZED
                  00007050    00000010     DSP281x_GlobalVariableDefs.obj (SciaRegsFile)

XIntruptRegsFile 
*          1    00007070    00000010     UNINITIALIZED
                  00007070    00000010     DSP281x_GlobalVariableDefs.obj (XIntruptRegsFile)

GpioMuxRegsFile 
*          1    000070c0    00000020     UNINITIALIZED
                  000070c0    00000020     DSP281x_GlobalVariableDefs.obj (GpioMuxRegsFile)

GpioDataRegsFile 
*          1    000070e0    00000020     UNINITIALIZED
                  000070e0    00000020     DSP281x_GlobalVariableDefs.obj (GpioDataRegsFile)

AdcRegsFile 
*          1    00007100    0000001a     UNINITIALIZED
                  00007100    0000001a     DSP281x_GlobalVariableDefs.obj (AdcRegsFile)

EvaRegsFile 
*          1    00007400    00000032     UNINITIALIZED
                  00007400    00000032     DSP281x_GlobalVariableDefs.obj (EvaRegsFile)

EvbRegsFile 
*          1    00007500    00000032     UNINITIALIZED
                  00007500    00000032     DSP281x_GlobalVariableDefs.obj (EvbRegsFile)

ScibRegsFile 
*          1    00007750    00000010     UNINITIALIZED
                  00007750    00000010     DSP281x_GlobalVariableDefs.obj (ScibRegsFile)

McbspaRegsFile 
*          1    00007800    00000025     UNINITIALIZED
                  00007800    00000025     DSP281x_GlobalVariableDefs.obj (McbspaRegsFile)

DLOG       1    00008000    00001000     UNINITIALIZED
                  00008000    00001000     DLOG4CHC.obj (DLOG)

CsmPwlFile 
*          1    003f7ff8    00000008     UNINITIALIZED
                  003f7ff8    00000008     DSP281x_GlobalVariableDefs.obj (CsmPwlFile)

.esysmem   1    003f9200    00000000     UNINITIALIZED

.ebss      1    003f9200    00000240     UNINITIALIZED
                  003f9200    000001a2     main.obj (.ebss)
                  003f93a2    00000004     rts2800_ml.lib : _lock.obj (.ebss)
                  003f93c0    00000080                    : exit.obj (.ebss)

.econst    1    003f9440    0000010c     
                  003f9440    00000100     DSP281x_PieVect.obj (.econst)
                  003f9540    0000000c     main.obj (.econst)


GLOBAL SYMBOLS: SORTED ALPHABETICALLY BY Name 

address    name
--------   ----
00000000   .bss
00000000   .data
003f8002   .text
003f8d21   C$$EXIT
003f8d45   FD$$MPY
003f8dc8   FD$$TOL
003f8de7   FD$$TOUL
003f8e07   FS$$ADD
003f8e7a   FS$$CMP
003f8e91   FS$$DIV
003f8f14   FS$$MPY
003f8e02   FS$$SUB
003f8f6e   FS$$TOFD
003f8f8a   FS$$TOU
003f8fa7   U$$TOFS
003f80de   _ADCINT_ISR
00007100   _AdcRegs
003f9209   _BackTicker
003f8124   _CAPINT1_ISR
003f8129   _CAPINT2_ISR
003f812e   _CAPINT3_ISR
003f816a   _CAPINT4_ISR
003f816f   _CAPINT5_ISR
003f8174   _CAPINT6_ISR
003f80ed   _CMP1INT_ISR
003f80f2   _CMP2INT_ISR
003f80f7   _CMP3INT_ISR
003f8133   _CMP4INT_ISR
003f8138   _CMP5INT_ISR
003f813d   _CMP6INT_ISR
003f9204   _Counter1
003f9212   _Counter2
00000c00   _CpuTimer0Regs
003f7ff8   _CsmPwl
00000ae0   _CsmRegs
003f8075   _DATALOG_ISR
003f8020   _DLOG_4CH_init
003f802b   _DLOG_4CH_update
003f91e8   _DSP28x_usDelay
003f8914   _Delay_Us
00000880   _DevEmuRegs
003f8214   _DisableDog
003f9208   _DlogCh1
003f9202   _DlogCh2
003f9205   _DlogCh3
003f9200   _DlogCh4
003f81a1   _ECAN0INTA_ISR
003f81a6   _ECAN1INTA_ISR
00006040   _ECanaLAMRegs
000060c0   _ECanaMOTORegs
00006080   _ECanaMOTSRegs
00006100   _ECanaMboxes
00006000   _ECanaRegs
003f81ab   _EMPTY_ISR
003f807f   _EMUINT_ISR
003f81d9   _EnableInterrupts
00007400   _EvaRegs
00007500   _EvbRegs
003f82ea   _F281X_EV1_PWM_Init
003f830b   _F281X_EV1_PWM_Update
003f83a1   _F281X_EV1_QEP_Calc
003f8387   _F281X_EV1_QEP_Init
003f83d2   _F281X_EV1_QEP_Isr
003f833e   _F281X_EV2_PWMDAC_Init
003f8356   _F281X_EV2_PWMDAC_Update
003f8253   _F281X_ileg2_dcbus_drv_init
003f828f   _F281X_ileg2_dcbus_drv_read
00000a80   _FlashRegs
000070e0   _GpioDataRegs
000070c0   _GpioMuxRegs
003f8089   _ILLEGAL_ISR
003f806b   _INT13_ISR
003f8070   _INT14_ISR
003ffad8   _IQ10mpyRndSatTable
003ffacc   _IQ11mpyRndSatTable
003ffac0   _IQ12mpyRndSatTable
003ffab4   _IQ13mpyRndSatTable
003ffaa8   _IQ14mpyRndSatTable
003ffa9c   _IQ15mpyRndSatTable
003ffa90   _IQ16mpyRndSatTable
003ffa84   _IQ17mpyRndSatTable
003ffa78   _IQ18mpyRndSatTable
003ffa6c   _IQ19mpyRndSatTable
003ffb44   _IQ1mpyRndSatTable
003ffa60   _IQ20mpyRndSatTable
003ffa54   _IQ21mpyRndSatTable
003ffa48   _IQ22mpyRndSatTable
003ffa3c   _IQ23mpyRndSatTable
003ffa30   _IQ24mpyRndSatTable
003ffa24   _IQ25mpyRndSatTable
003ffa18   _IQ26mpyRndSatTable
003ffa0c   _IQ27mpyRndSatTable
003ffa00   _IQ28mpyRndSatTable
003ff9f4   _IQ29mpyRndSatTable
003ffb38   _IQ2mpyRndSatTable
003ff9e8   _IQ30mpyRndSatTable
003ffb2c   _IQ3mpyRndSatTable
003ffb20   _IQ4mpyRndSatTable
003ffb14   _IQ5mpyRndSatTable
003ffb08   _IQ6mpyRndSatTable
003ffafc   _IQ7mpyRndSatTable
003ffaf0   _IQ8mpyRndSatTable
003ffae4   _IQ9mpyRndSatTable
003ff824   _IQatan2HalfPITable
003ff862   _IQatan2Table
003ff9e8   _IQatan2TableEnd
003ff100   _IQcosTable
003ff502   _IQcosTableEnd
003ff502   _IQdivRoundSatTable
003ff510   _IQdivTable
003ff712   _IQdivTableEnd
003ff712   _IQisqrtRoundSatTable
003ff722   _IQisqrtTable
003ff824   _IQisqrtTableEnd
003ff9e8   _IQmpyRndSatTable
003ffb50   _IQmpyRndSatTableEnd
003ff000   _IQsinTable
003ff400   _IQsinTableEnd
003ff712   _IQsqrtRoundSatTable
003ff722   _IQsqrtTable
003ff824   _IQsqrtTableEnd
003f9216   _IdRef
003f91d1   _InitFlash
003f8239   _InitPeripheralClocks
003f81ba   _InitPieCtrl
003f81e2   _InitPieVectTable
003f821c   _InitPll
003f8202   _InitSysCtrl
003f9214   _IqRef
003f9210   _IsrTicker
003f820a   _KickDog
003f9201   _LockRotorFlag
003f8183   _MRINTA_ISR
003f8188   _MXINTA_ISR
003f8778   _MainISR
00007800   _McbspaRegs
003f8084   _NMI_ISR
003f80ca   _PDPINTA_ISR
003f80cf   _PDPINTB_ISR
003f81b0   _PIE_RESERVED
00000ce0   _PieCtrlRegs
00000d00   _PieVectTable
003f9440   _PieVectTableInit
003f9207   _PwmDacCh1
003f9206   _PwmDacCh2
003f920b   _PwmDacCh3
003f8929   _QepISR
003f807a   _RTOSINT_ISR
003f894e   _SCIB_IX_ISR
003f818d   _SCIRXINTA_ISR
003f8197   _SCIRXINTB_ISR
003f8192   _SCITXINTA_ISR
003f819c   _SCITXINTB_ISR
003f920f   _SCI_1
003f9213   _SCI_2
003f9211   _SCI_3
003f920c   _SCI_4
003f8179   _SPIRXINTA_ISR
003f817e   _SPITXINTA_ISR
00007050   _SciaRegs
00007750   _ScibRegs
003f920a   _SpeedLoopCount
003f9203   _SpeedLoopPrescaler
003f921e   _SpeedRef
00007040   _SpiaRegs
00007010   _SysCtrlRegs
003f9218   _T
003f8101   _T1CINT_ISR
003f810b   _T1OFINT_ISR
003f80fc   _T1PINT_ISR
003f8106   _T1UFINT_ISR
003f8115   _T2CINT_ISR
003f811f   _T2OFINT_ISR
003f8110   _T2PINT_ISR
003f811a   _T2UFINT_ISR
003f8147   _T3CINT_ISR
003f8151   _T3OFINT_ISR
003f8142   _T3PINT_ISR
003f814c   _T3UFINT_ISR
003f815b   _T4CINT_ISR
003f8165   _T4OFINT_ISR
003f8156   _T4PINT_ISR
003f8160   _T4UFINT_ISR
003f80e3   _TINT0_ISR
003f80bb   _USER10_ISR
003f80c0   _USER11_ISR
003f80c5   _USER12_ISR
003f808e   _USER1_ISR
003f8093   _USER2_ISR
003f8098   _USER3_ISR
003f809d   _USER4_ISR
003f80a2   _USER5_ISR
003f80a7   _USER6_ISR
003f80ac   _USER7_ISR
003f80b1   _USER8_ISR
003f80b6   _USER9_ISR
003f921a   _VdTesting
003f9220   _VqTesting
003f80e8   _WAKEINT_ISR
003f80d4   _XINT1_ISR
003f80d9   _XINT2_ISR
00007070   _XIntruptRegs
00000b20   _XintfRegs
003f9181   __IQ24cosPU
003f91a8   __IQ24sinPU
00000050   __STACK_SIZE
ffffffff   ___binit__
00000000   ___bss__
ffffffff   ___c_args__
003f8fd1   ___cinit__
00000000   ___data__
00000000   ___edata__
00000000   ___end__
003f8fd1   ___etext__
ffffffff   ___pinit__
003f8002   ___text__
003f8fc0   __args_main
003f93c4   __cleanup_ptr
003f93c2   __dtors_ptr
003f93a4   __lock
003f8fb7   __nop
003f8fb8   __register_lock
003f8fbc   __register_unlock
003f93a2   __unlock
003f8d44   _abort
003f921c   _angle
003f8d23   _atexit
003f8cb7   _c_int00
003f922c   _clarke1
003f8002   _clarke_calc
003f92d4   _dlog
003f8cfb   _exit
003f9280   _ilg2_vdc1
003f9240   _ipark1
003f83e0   _ipark_calc
003f8417   _main
003f9264   _park1
003f8979   _park_calc
003f9340   _pid1_id
003f9300   _pid1_iq
003f9380   _pid1_spd
003f89b0   _pid_reg3_calc
003f9222   _pwm1
003f9258   _pwmdac1
003f92a0   _qep1
003f8a2f   _rampgen_calc
003f9290   _rc1
003f920e   _rcounter
003f9270   _rg1
003f8a7a   _rmp_cntl_calc
003f81b5   _rsvd_ISR
003f92c0   _speed1
003f8aca   _speed_frq_calc
003f924c   _svgen_dq1
003f8b35   _svgendq_calc
ffffffff   binit
003f8fd1   cinit
00000000   edata
00000000   end
003f8fd1   etext
ffffffff   pinit


GLOBAL SYMBOLS: SORTED BY Symbol Address 

address    name
--------   ----
00000000   ___edata__
00000000   ___end__
00000000   ___bss__
00000000   ___data__
00000000   edata
00000000   end
00000000   .data
00000000   .bss
00000050   __STACK_SIZE
00000880   _DevEmuRegs
00000a80   _FlashRegs
00000ae0   _CsmRegs
00000b20   _XintfRegs
00000c00   _CpuTimer0Regs
00000ce0   _PieCtrlRegs
00000d00   _PieVectTable
00006000   _ECanaRegs
00006040   _ECanaLAMRegs
00006080   _ECanaMOTSRegs
000060c0   _ECanaMOTORegs
00006100   _ECanaMboxes
00007010   _SysCtrlRegs
00007040   _SpiaRegs
00007050   _SciaRegs
00007070   _XIntruptRegs
000070c0   _GpioMuxRegs
000070e0   _GpioDataRegs
00007100   _AdcRegs
00007400   _EvaRegs
00007500   _EvbRegs
00007750   _ScibRegs
00007800   _McbspaRegs
003f7ff8   _CsmPwl
003f8002   ___text__
003f8002   .text
003f8002   _clarke_calc
003f8020   _DLOG_4CH_init
003f802b   _DLOG_4CH_update
003f806b   _INT13_ISR
003f8070   _INT14_ISR
003f8075   _DATALOG_ISR
003f807a   _RTOSINT_ISR
003f807f   _EMUINT_ISR
003f8084   _NMI_ISR
003f8089   _ILLEGAL_ISR
003f808e   _USER1_ISR
003f8093   _USER2_ISR
003f8098   _USER3_ISR
003f809d   _USER4_ISR
003f80a2   _USER5_ISR
003f80a7   _USER6_ISR
003f80ac   _USER7_ISR
003f80b1   _USER8_ISR
003f80b6   _USER9_ISR
003f80bb   _USER10_ISR
003f80c0   _USER11_ISR
003f80c5   _USER12_ISR
003f80ca   _PDPINTA_ISR
003f80cf   _PDPINTB_ISR
003f80d4   _XINT1_ISR
003f80d9   _XINT2_ISR
003f80de   _ADCINT_ISR
003f80e3   _TINT0_ISR
003f80e8   _WAKEINT_ISR
003f80ed   _CMP1INT_ISR
003f80f2   _CMP2INT_ISR
003f80f7   _CMP3INT_ISR
003f80fc   _T1PINT_ISR
003f8101   _T1CINT_ISR
003f8106   _T1UFINT_ISR
003f810b   _T1OFINT_ISR
003f8110   _T2PINT_ISR
003f8115   _T2CINT_ISR
003f811a   _T2UFINT_ISR
003f811f   _T2OFINT_ISR
003f8124   _CAPINT1_ISR
003f8129   _CAPINT2_ISR
003f812e   _CAPINT3_ISR
003f8133   _CMP4INT_ISR
003f8138   _CMP5INT_ISR
003f813d   _CMP6INT_ISR
003f8142   _T3PINT_ISR
003f8147   _T3CINT_ISR
003f814c   _T3UFINT_ISR
003f8151   _T3OFINT_ISR
003f8156   _T4PINT_ISR
003f815b   _T4CINT_ISR
003f8160   _T4UFINT_ISR
003f8165   _T4OFINT_ISR
003f816a   _CAPINT4_ISR
003f816f   _CAPINT5_ISR
003f8174   _CAPINT6_ISR
003f8179   _SPIRXINTA_ISR
003f817e   _SPITXINTA_ISR
003f8183   _MRINTA_ISR
003f8188   _MXINTA_ISR
003f818d   _SCIRXINTA_ISR
003f8192   _SCITXINTA_ISR
003f8197   _SCIRXINTB_ISR
003f819c   _SCITXINTB_ISR
003f81a1   _ECAN0INTA_ISR
003f81a6   _ECAN1INTA_ISR
003f81ab   _EMPTY_ISR
003f81b0   _PIE_RESERVED
003f81b5   _rsvd_ISR
003f81ba   _InitPieCtrl
003f81d9   _EnableInterrupts
003f81e2   _InitPieVectTable
003f8202   _InitSysCtrl
003f820a   _KickDog
003f8214   _DisableDog
003f821c   _InitPll
003f8239   _InitPeripheralClocks
003f8253   _F281X_ileg2_dcbus_drv_init
003f828f   _F281X_ileg2_dcbus_drv_read
003f82ea   _F281X_EV1_PWM_Init
003f830b   _F281X_EV1_PWM_Update
003f833e   _F281X_EV2_PWMDAC_Init
003f8356   _F281X_EV2_PWMDAC_Update
003f8387   _F281X_EV1_QEP_Init
003f83a1   _F281X_EV1_QEP_Calc
003f83d2   _F281X_EV1_QEP_Isr
003f83e0   _ipark_calc
003f8417   _main
003f8778   _MainISR
003f8914   _Delay_Us
003f8929   _QepISR
003f894e   _SCIB_IX_ISR
003f8979   _park_calc
003f89b0   _pid_reg3_calc
003f8a2f   _rampgen_calc
003f8a7a   _rmp_cntl_calc
003f8aca   _speed_frq_calc
003f8b35   _svgendq_calc
003f8cb7   _c_int00
003f8cfb   _exit
003f8d21   C$$EXIT
003f8d23   _atexit
003f8d44   _abort
003f8d45   FD$$MPY
003f8dc8   FD$$TOL
003f8de7   FD$$TOUL
003f8e02   FS$$SUB
003f8e07   FS$$ADD
003f8e7a   FS$$CMP
003f8e91   FS$$DIV
003f8f14   FS$$MPY
003f8f6e   FS$$TOFD
003f8f8a   FS$$TOU
003f8fa7   U$$TOFS
003f8fb7   __nop
003f8fb8   __register_lock
003f8fbc   __register_unlock
003f8fc0   __args_main
003f8fd1   etext
003f8fd1   ___cinit__
003f8fd1   ___etext__
003f8fd1   cinit
003f9181   __IQ24cosPU
003f91a8   __IQ24sinPU
003f91d1   _InitFlash
003f91e8   _DSP28x_usDelay
003f9200   _DlogCh4
003f9201   _LockRotorFlag
003f9202   _DlogCh2
003f9203   _SpeedLoopPrescaler
003f9204   _Counter1
003f9205   _DlogCh3
003f9206   _PwmDacCh2
003f9207   _PwmDacCh1
003f9208   _DlogCh1
003f9209   _BackTicker
003f920a   _SpeedLoopCount
003f920b   _PwmDacCh3
003f920c   _SCI_4
003f920e   _rcounter
003f920f   _SCI_1
003f9210   _IsrTicker
003f9211   _SCI_3
003f9212   _Counter2
003f9213   _SCI_2
003f9214   _IqRef
003f9216   _IdRef
003f9218   _T
003f921a   _VdTesting
003f921c   _angle
003f921e   _SpeedRef
003f9220   _VqTesting
003f9222   _pwm1
003f922c   _clarke1
003f9240   _ipark1
003f924c   _svgen_dq1
003f9258   _pwmdac1
003f9264   _park1
003f9270   _rg1
003f9280   _ilg2_vdc1
003f9290   _rc1
003f92a0   _qep1
003f92c0   _speed1
003f92d4   _dlog
003f9300   _pid1_iq
003f9340   _pid1_id
003f9380   _pid1_spd
003f93a2   __unlock
003f93a4   __lock
003f93c2   __dtors_ptr
003f93c4   __cleanup_ptr
003f9440   _PieVectTableInit
003ff000   _IQsinTable
003ff100   _IQcosTable
003ff400   _IQsinTableEnd
003ff502   _IQcosTableEnd
003ff502   _IQdivRoundSatTable
003ff510   _IQdivTable
003ff712   _IQsqrtRoundSatTable
003ff712   _IQdivTableEnd
003ff712   _IQisqrtRoundSatTable
003ff722   _IQsqrtTable
003ff722   _IQisqrtTable
003ff824   _IQsqrtTableEnd
003ff824   _IQatan2HalfPITable
003ff824   _IQisqrtTableEnd
003ff862   _IQatan2Table
003ff9e8   _IQatan2TableEnd
003ff9e8   _IQ30mpyRndSatTable
003ff9e8   _IQmpyRndSatTable
003ff9f4   _IQ29mpyRndSatTable
003ffa00   _IQ28mpyRndSatTable
003ffa0c   _IQ27mpyRndSatTable
003ffa18   _IQ26mpyRndSatTable
003ffa24   _IQ25mpyRndSatTable
003ffa30   _IQ24mpyRndSatTable
003ffa3c   _IQ23mpyRndSatTable
003ffa48   _IQ22mpyRndSatTable
003ffa54   _IQ21mpyRndSatTable
003ffa60   _IQ20mpyRndSatTable
003ffa6c   _IQ19mpyRndSatTable
003ffa78   _IQ18mpyRndSatTable
003ffa84   _IQ17mpyRndSatTable
003ffa90   _IQ16mpyRndSatTable
003ffa9c   _IQ15mpyRndSatTable
003ffaa8   _IQ14mpyRndSatTable
003ffab4   _IQ13mpyRndSatTable
003ffac0   _IQ12mpyRndSatTable
003ffacc   _IQ11mpyRndSatTable
003ffad8   _IQ10mpyRndSatTable
003ffae4   _IQ9mpyRndSatTable
003ffaf0   _IQ8mpyRndSatTable
003ffafc   _IQ7mpyRndSatTable
003ffb08   _IQ6mpyRndSatTable
003ffb14   _IQ5mpyRndSatTable
003ffb20   _IQ4mpyRndSatTable
003ffb2c   _IQ3mpyRndSatTable
003ffb38   _IQ2mpyRndSatTable
003ffb44   _IQ1mpyRndSatTable
003ffb50   _IQmpyRndSatTableEnd
ffffffff   pinit
ffffffff   ___c_args__
ffffffff   ___binit__
ffffffff   binit
ffffffff   ___pinit__

[261 symbols]
